// Vitest Snapshot v1, https://vitest.dev/guide/snapshot.html

exports[`MainOptions 1`] = `
{
  "asFragment": [Function],
  "baseElement": <body>
    <div>
      <div
        class="MuiBox-root css-0"
        style="opacity: 1; webkit-transition: opacity 225ms cubic-bezier(0.4, 0, 0.2, 1) 0ms; transition: opacity 225ms cubic-bezier(0.4, 0, 0.2, 1) 0ms;"
      >
        <div
          class="MuiGrid-root MuiGrid-container css-u98wuq-MuiGrid-root"
        >
          <div
            class="MuiGrid-root MuiGrid-item css-13i4rnv-MuiGrid-root"
          >
            <div
              class="MuiPaper-root MuiPaper-elevation MuiPaper-rounded MuiPaper-elevation1 MuiCard-root css-1ftfsnj-MuiPaper-root-MuiCard-root"
            >
              <a
                class="MuiButtonBase-root MuiCardActionArea-root css-1oitmrd-MuiButtonBase-root-MuiCardActionArea-root"
                href="/courses"
                tabindex="0"
              >
                <div
                  class="MuiCardHeader-root css-185gdzj-MuiCardHeader-root"
                >
                  <div
                    class="MuiCardHeader-content css-1qbkelo-MuiCardHeader-content"
                  >
                    <span
                      class="MuiTypography-root MuiTypography-h5 MuiCardHeader-title css-1koc0za-MuiTypography-root"
                    >
                      כל הקורסים
                    </span>
                  </div>
                </div>
                <span
                  class="MuiCardActionArea-focusHighlight css-1v2exvi-MuiCardActionArea-focusHighlight"
                />
                <span
                  class="MuiTouchRipple-root css-8je8zh-MuiTouchRipple-root"
                />
              </a>
            </div>
          </div>
          <div
            class="MuiGrid-root MuiGrid-item css-13i4rnv-MuiGrid-root"
          >
            <div
              class="MuiPaper-root MuiPaper-elevation MuiPaper-rounded MuiPaper-elevation1 MuiCard-root css-1ftfsnj-MuiPaper-root-MuiCard-root"
            >
              <a
                class="MuiButtonBase-root MuiCardActionArea-root css-1oitmrd-MuiButtonBase-root-MuiCardActionArea-root"
                href="/assignments"
                tabindex="0"
              >
                <div
                  class="MuiCardHeader-root css-185gdzj-MuiCardHeader-root"
                >
                  <div
                    class="MuiCardHeader-content css-1qbkelo-MuiCardHeader-content"
                  >
                    <span
                      class="MuiTypography-root MuiTypography-h5 MuiCardHeader-title css-1koc0za-MuiTypography-root"
                    >
                      כל התרגילים
                    </span>
                  </div>
                </div>
                <span
                  class="MuiCardActionArea-focusHighlight css-1v2exvi-MuiCardActionArea-focusHighlight"
                />
                <span
                  class="MuiTouchRipple-root css-8je8zh-MuiTouchRipple-root"
                />
              </a>
            </div>
          </div>
          <div
            class="MuiGrid-root MuiGrid-item css-13i4rnv-MuiGrid-root"
          >
            <div
              class="MuiPaper-root MuiPaper-elevation MuiPaper-rounded MuiPaper-elevation1 MuiCard-root css-1ftfsnj-MuiPaper-root-MuiCard-root"
            >
              <a
                class="MuiButtonBase-root MuiCardActionArea-root css-1oitmrd-MuiButtonBase-root-MuiCardActionArea-root"
                href="/submissions"
                tabindex="0"
              >
                <div
                  class="MuiCardHeader-root css-185gdzj-MuiCardHeader-root"
                >
                  <div
                    class="MuiCardHeader-content css-1qbkelo-MuiCardHeader-content"
                  >
                    <span
                      class="MuiTypography-root MuiTypography-h5 MuiCardHeader-title css-1koc0za-MuiTypography-root"
                    >
                      כל ההגשות
                    </span>
                  </div>
                </div>
                <span
                  class="MuiCardActionArea-focusHighlight css-1v2exvi-MuiCardActionArea-focusHighlight"
                />
                <span
                  class="MuiTouchRipple-root css-8je8zh-MuiTouchRipple-root"
                />
              </a>
            </div>
          </div>
        </div>
      </div>
    </div>
  </body>,
  "container": <div>
    <div
      class="MuiBox-root css-0"
      style="opacity: 1; webkit-transition: opacity 225ms cubic-bezier(0.4, 0, 0.2, 1) 0ms; transition: opacity 225ms cubic-bezier(0.4, 0, 0.2, 1) 0ms;"
    >
      <div
        class="MuiGrid-root MuiGrid-container css-u98wuq-MuiGrid-root"
      >
        <div
          class="MuiGrid-root MuiGrid-item css-13i4rnv-MuiGrid-root"
        >
          <div
            class="MuiPaper-root MuiPaper-elevation MuiPaper-rounded MuiPaper-elevation1 MuiCard-root css-1ftfsnj-MuiPaper-root-MuiCard-root"
          >
            <a
              class="MuiButtonBase-root MuiCardActionArea-root css-1oitmrd-MuiButtonBase-root-MuiCardActionArea-root"
              href="/courses"
              tabindex="0"
            >
              <div
                class="MuiCardHeader-root css-185gdzj-MuiCardHeader-root"
              >
                <div
                  class="MuiCardHeader-content css-1qbkelo-MuiCardHeader-content"
                >
                  <span
                    class="MuiTypography-root MuiTypography-h5 MuiCardHeader-title css-1koc0za-MuiTypography-root"
                  >
                    כל הקורסים
                  </span>
                </div>
              </div>
              <span
                class="MuiCardActionArea-focusHighlight css-1v2exvi-MuiCardActionArea-focusHighlight"
              />
              <span
                class="MuiTouchRipple-root css-8je8zh-MuiTouchRipple-root"
              />
            </a>
          </div>
        </div>
        <div
          class="MuiGrid-root MuiGrid-item css-13i4rnv-MuiGrid-root"
        >
          <div
            class="MuiPaper-root MuiPaper-elevation MuiPaper-rounded MuiPaper-elevation1 MuiCard-root css-1ftfsnj-MuiPaper-root-MuiCard-root"
          >
            <a
              class="MuiButtonBase-root MuiCardActionArea-root css-1oitmrd-MuiButtonBase-root-MuiCardActionArea-root"
              href="/assignments"
              tabindex="0"
            >
              <div
                class="MuiCardHeader-root css-185gdzj-MuiCardHeader-root"
              >
                <div
                  class="MuiCardHeader-content css-1qbkelo-MuiCardHeader-content"
                >
                  <span
                    class="MuiTypography-root MuiTypography-h5 MuiCardHeader-title css-1koc0za-MuiTypography-root"
                  >
                    כל התרגילים
                  </span>
                </div>
              </div>
              <span
                class="MuiCardActionArea-focusHighlight css-1v2exvi-MuiCardActionArea-focusHighlight"
              />
              <span
                class="MuiTouchRipple-root css-8je8zh-MuiTouchRipple-root"
              />
            </a>
          </div>
        </div>
        <div
          class="MuiGrid-root MuiGrid-item css-13i4rnv-MuiGrid-root"
        >
          <div
            class="MuiPaper-root MuiPaper-elevation MuiPaper-rounded MuiPaper-elevation1 MuiCard-root css-1ftfsnj-MuiPaper-root-MuiCard-root"
          >
            <a
              class="MuiButtonBase-root MuiCardActionArea-root css-1oitmrd-MuiButtonBase-root-MuiCardActionArea-root"
              href="/submissions"
              tabindex="0"
            >
              <div
                class="MuiCardHeader-root css-185gdzj-MuiCardHeader-root"
              >
                <div
                  class="MuiCardHeader-content css-1qbkelo-MuiCardHeader-content"
                >
                  <span
                    class="MuiTypography-root MuiTypography-h5 MuiCardHeader-title css-1koc0za-MuiTypography-root"
                  >
                    כל ההגשות
                  </span>
                </div>
              </div>
              <span
                class="MuiCardActionArea-focusHighlight css-1v2exvi-MuiCardActionArea-focusHighlight"
              />
              <span
                class="MuiTouchRipple-root css-8je8zh-MuiTouchRipple-root"
              />
            </a>
          </div>
        </div>
      </div>
    </div>
  </div>,
  "debug": [Function],
  "findAllByAltText": [Function],
  "findAllByDisplayValue": [Function],
  "findAllByLabelText": [Function],
  "findAllByPlaceholderText": [Function],
  "findAllByRole": [Function],
  "findAllByTestId": [Function],
  "findAllByText": [Function],
  "findAllByTitle": [Function],
  "findByAltText": [Function],
  "findByDisplayValue": [Function],
  "findByLabelText": [Function],
  "findByPlaceholderText": [Function],
  "findByRole": [Function],
  "findByTestId": [Function],
  "findByText": [Function],
  "findByTitle": [Function],
  "getAllByAltText": [Function],
  "getAllByDisplayValue": [Function],
  "getAllByLabelText": [Function],
  "getAllByPlaceholderText": [Function],
  "getAllByRole": [Function],
  "getAllByTestId": [Function],
  "getAllByText": [Function],
  "getAllByTitle": [Function],
  "getByAltText": [Function],
  "getByDisplayValue": [Function],
  "getByLabelText": [Function],
  "getByPlaceholderText": [Function],
  "getByRole": [Function],
  "getByTestId": [Function],
  "getByText": [Function],
  "getByTitle": [Function],
  "queryAllByAltText": [Function],
  "queryAllByDisplayValue": [Function],
  "queryAllByLabelText": [Function],
  "queryAllByPlaceholderText": [Function],
  "queryAllByRole": [Function],
  "queryAllByTestId": [Function],
  "queryAllByText": [Function],
  "queryAllByTitle": [Function],
  "queryByAltText": [Function],
  "queryByDisplayValue": [Function],
  "queryByLabelText": [Function],
  "queryByPlaceholderText": [Function],
  "queryByRole": [Function],
  "queryByTestId": [Function],
  "queryByText": [Function],
  "queryByTitle": [Function],
  "rerender": [Function],
  "unmount": [Function],
}
`;
